exports[`my buttons click handlers runs my test! 1`] = `
<div>
  <ImageView
    onClick={[Function]}
    view={null} />
</div>
`;
